// Jest Snapshot v1, https://goo.gl/fbAQLP

exports[`The App component Should match a snapshot render 1`] = `
<div
  className="container"
>
  <div
    className="app"
  >
    <h1>
      Phi Calculator
    </h1>
    <p>
      Phi = 
      1.618033988749895
    </p>
    <div
      className="input-container"
    >
      <button
        className="button"
        onClick={[Function]}
        type="button"
      >
        Decrement
      </button>
      <input
        className="base-input"
        onChange={[Function]}
        type="text"
        value={156}
      />
      <button
        className="button"
        onClick={[Function]}
        type="button"
      >
        Increment
      </button>
    </div>
    <div
      className="output-container"
    >
      <ol>
        <li>
          252.4133
        </li>
        <li>
          408.4133
        </li>
        <li>
          660.8266
        </li>
        <li>
          1069.2399
        </li>
        <li>
          1730.0665
        </li>
        <li>
          2799.3064
        </li>
        <li>
          4529.3729
        </li>
        <li>
          7328.6793
        </li>
        <li>
          11858.0523
        </li>
        <li>
          19186.7316
        </li>
      </ol>
      <ol>
        <li>
          96.4133
        </li>
        <li>
          59.5867
        </li>
        <li>
          36.8266
        </li>
        <li>
          22.7601
        </li>
        <li>
          14.0665
        </li>
        <li>
          8.6936
        </li>
        <li>
          5.3729
        </li>
        <li>
          3.3207
        </li>
        <li>
          2.0523
        </li>
        <li>
          1.2684
        </li>
      </ol>
    </div>
  </div>
  <footer>
    Source: 
    <a
      href="https://github.com/samsch/phi-calculator"
    >
      https://github.com/samsch/phi-calculator
    </a>
  </footer>
</div>
`;
